// Jest Snapshot v1, https://goo.gl/fbAQLP

exports[`OnlineUsers Component matches snapshot 1`] = `
<DocumentFragment>
  <div
    class="onlineUsersContainer"
  >
    <h2>
      Online Users
    </h2>
    <ul>
      <li
        class="onlineUser"
      >
        User1
      </li>
      <li
        class="onlineUser"
      >
        User2
      </li>
      <li
        class="onlineUser"
      >
        User3
      </li>
    </ul>
  </div>
</DocumentFragment>
`;
